// Jest Snapshot v1, https://goo.gl/fbAQLP

exports[`Pruebas en <PrimeraApp /> debe mostrar correctamente <PrimeraApp /> 1`] = `
<Fragment>
  <h1>
    Hola, buenas
    !!!
  </h1>
  <p
    id="texto"
  >
    Soy un subt√≠tulo
  </p>
</Fragment>
`;
